dxf-includes.cpp
繝｡繝｢: 繧､繝ｳ繧ｯ繝ｫ繝ｼ繝・繝輔ぃ繧､繝ｫ:  C:\Users\g0190\OneDrive\Desktop\frame\dxlib_framework\Build\WindowsValidation\IncludeProbe\dxf-includes.h




-- Configuring done (0.5s)
-- Generating done (0.1s)
-- Build files have been written to: C:/Users/g0190/OneDrive/Desktop/frame/dxlib_framework/Build/windows-debug
[0/2] Re-checking globbed directories...
[1/11] Copying sample assets
[2/11] Building CXX object CMakeFiles\dxf_physics.dir\Source\Physics\Private\PhysicsWorld2D.cpp.obj
FAILED: [code=2] CMakeFiles/dxf_physics.dir/Source/Physics/Private/PhysicsWorld2D.cpp.obj 
C:\PROGRA~1\MICROS~1\18\COMMUN~1\VC\Tools\MSVC\1451~1.362\bin\Hostx64\x64\cl.exe  /nologo /TP  -IC:\Users\g0190\OneDrive\Desktop\frame\dxlib_framework\Source\Physics\Public -IC:\Users\g0190\OneDrive\Desktop\frame\dxlib_framework\Source\Foundation\Public -IC:\Users\g0190\OneDrive\Desktop\frame\dxlib_framework\Source\Toolbox\Public /DWIN32 /D_WINDOWS /EHsc /Zi /Ob0 /Od /RTC1 -std:c++20 -MTd /W4 /permissive- /utf-8 /EHsc /GR /showIncludes /FoCMakeFiles\dxf_physics.dir\Source\Physics\Private\PhysicsWorld2D.cpp.obj /FdCMakeFiles\dxf_physics.dir\dxf_physics.pdb /FS -c C:\Users\g0190\OneDrive\Desktop\frame\dxlib_framework\Source\Physics\Private\PhysicsWorld2D.cpp
メモ: インクルード ファイル:  C:\Users\g0190\OneDrive\Desktop\frame\dxlib_framework\Source\Physics\Public\Dxf/RigidBody2D.h
メモ: インクルード ファイル:   C:\Users\g0190\OneDrive\Desktop\frame\dxlib_framework\Source\Physics\Public\Dxf/BodyType.h
メモ: インクルード ファイル:   C:\Users\g0190\OneDrive\Desktop\frame\dxlib_framework\Source\Toolbox\Public\Toolbox/Vector2.h
メモ: インクルード ファイル:    C:\Users\g0190\OneDrive\Desktop\frame\dxlib_framework\Source\Toolbox\Public\Toolbox/Utility.h
メモ: インクルード ファイル:     C:\Users\g0190\OneDrive\Desktop\frame\dxlib_framework\Source\Toolbox\Public\Toolbox/Compiler.h
メモ: インクルード ファイル:     C:\Program Files (x86)\Windows Kits\10\include\10.0.28000.0\ucrt\stddef.h
メモ: インクルード ファイル:      C:\Program Files (x86)\Windows Kits\10\include\10.0.28000.0\ucrt\corecrt.h
メモ: インクルード ファイル:       C:\Program Files\Microsoft Visual Studio\18\Community\VC\Tools\MSVC\14.51.36231\include\vcruntime.h
メモ: インクルード ファイル:        C:\Program Files\Microsoft Visual Studio\18\Community\VC\Tools\MSVC\14.51.36231\include\sal.h
メモ: インクルード ファイル:         C:\Program Files\Microsoft Visual Studio\18\Community\VC\Tools\MSVC\14.51.36231\include\concurrencysal.h
メモ: インクルード ファイル:        C:\Program Files\Microsoft Visual Studio\18\Community\VC\Tools\MSVC\14.51.36231\include\vadefs.h
メモ: インクルード ファイル:     C:\Program Files\Microsoft Visual Studio\18\Community\VC\Tools\MSVC\14.51.36231\include\stdint.h
メモ: インクルード ファイル:     C:\Program Files\Microsoft Visual Studio\18\Community\VC\Tools\MSVC\14.51.36231\include\limits.h
メモ: インクルード ファイル:     C:\Program Files (x86)\Windows Kits\10\include\10.0.28000.0\ucrt\float.h
メモ: インクルード ファイル:     C:\Program Files (x86)\Windows Kits\10\include\10.0.28000.0\ucrt\math.h
メモ: インクルード ファイル:      C:\Program Files (x86)\Windows Kits\10\include\10.0.28000.0\ucrt\corecrt_math.h
メモ: インクルード ファイル:     C:\Program Files\Microsoft Visual Studio\18\Community\VC\Tools\MSVC\14.51.36231\include\new
メモ: インクルード ファイル:      C:\Program Files\Microsoft Visual Studio\18\Community\VC\Tools\MSVC\14.51.36231\include\yvals_core.h
メモ: インクルード ファイル:       C:\Program Files\Microsoft Visual Studio\18\Community\VC\Tools\MSVC\14.51.36231\include\xkeycheck.h
メモ: インクルード ファイル:      C:\Program Files\Microsoft Visual Studio\18\Community\VC\Tools\MSVC\14.51.36231\include\exception
メモ: インクルード ファイル:       C:\Program Files\Microsoft Visual Studio\18\Community\VC\Tools\MSVC\14.51.36231\include\yvals.h
メモ: インクルード ファイル:        C:\Program Files\Microsoft Visual Studio\18\Community\VC\Tools\MSVC\14.51.36231\include\__msvc_doom_core.hpp
メモ: インクルード ファイル:        C:\Program Files (x86)\Windows Kits\10\include\10.0.28000.0\ucrt\crtdbg.h
メモ: インクルード ファイル:         C:\Program Files\Microsoft Visual Studio\18\Community\VC\Tools\MSVC\14.51.36231\include\vcruntime_new_debug.h
メモ: インクルード ファイル:          C:\Program Files\Microsoft Visual Studio\18\Community\VC\Tools\MSVC\14.51.36231\include\vcruntime_new.h
メモ: インクルード ファイル:        C:\Program Files\Microsoft Visual Studio\18\Community\VC\Tools\MSVC\14.51.36231\include\crtdefs.h
メモ: インクルード ファイル:        C:\Program Files\Microsoft Visual Studio\18\Community\VC\Tools\MSVC\14.51.36231\include\use_ansi.h
メモ: インクルード ファイル:       C:\Program Files\Microsoft Visual Studio\18\Community\VC\Tools\MSVC\14.51.36231\include\cstdlib
メモ: インクルード ファイル:        C:\Program Files (x86)\Windows Kits\10\include\10.0.28000.0\ucrt\math.h
メモ: インクルード ファイル:        C:\Program Files (x86)\Windows Kits\10\include\10.0.28000.0\ucrt\stdlib.h
メモ: インクルード ファイル:         C:\Program Files (x86)\Windows Kits\10\include\10.0.28000.0\ucrt\corecrt_malloc.h
メモ: インクルード ファイル:         C:\Program Files (x86)\Windows Kits\10\include\10.0.28000.0\ucrt\corecrt_search.h
メモ: インクルード ファイル:         C:\Program Files (x86)\Windows Kits\10\include\10.0.28000.0\ucrt\corecrt_wstdlib.h
メモ: インクルード ファイル:       C:\Program Files\Microsoft Visual Studio\18\Community\VC\Tools\MSVC\14.51.36231\include\type_traits
メモ: インクルード ファイル:        C:\Program Files\Microsoft Visual Studio\18\Community\VC\Tools\MSVC\14.51.36231\include\cstddef
メモ: インクルード ファイル:         C:\Program Files\Microsoft Visual Studio\18\Community\VC\Tools\MSVC\14.51.36231\include\xtr1common
メモ: インクルード ファイル:        C:\Program Files\Microsoft Visual Studio\18\Community\VC\Tools\MSVC\14.51.36231\include\cstdint
メモ: インクルード ファイル:       C:\Program Files (x86)\Windows Kits\10\include\10.0.28000.0\ucrt\malloc.h
メモ: インクルード ファイル:       C:\Program Files\Microsoft Visual Studio\18\Community\VC\Tools\MSVC\14.51.36231\include\vcruntime_exception.h
メモ: インクルード ファイル:        C:\Program Files\Microsoft Visual Studio\18\Community\VC\Tools\MSVC\14.51.36231\include\eh.h
メモ: インクルード ファイル:         C:\Program Files (x86)\Windows Kits\10\include\10.0.28000.0\ucrt\corecrt_terminate.h
メモ: インクルード ファイル:     C:\Program Files\Microsoft Visual Studio\18\Community\VC\Tools\MSVC\14.51.36231\include\initializer_list
メモ: インクルード ファイル:   C:\Users\g0190\OneDrive\Desktop\frame\dxlib_framework\Source\Toolbox\Public\Toolbox/UniquePtr.h
メモ: インクルード ファイル:  C:\Users\g0190\OneDrive\Desktop\frame\dxlib_framework\Source\Toolbox\Public\Toolbox/Vector.h
C:\Users\g0190\OneDrive\Desktop\frame\dxlib_framework\Source\Physics\Private\PhysicsWorld2D.cpp(60): error C2248: 'Dxf::FPhysicsWorld2D::FImpl': private struct (クラス 'Dxf::FPhysicsWorld2D' で宣言されている) にアクセスできません。
C:\Users\g0190\OneDrive\Desktop\frame\dxlib_framework\Source\Physics\Private\PhysicsWorld2D.cpp(39): note: 'Dxf::FPhysicsWorld2D::FImpl' の宣言を確認してください
C:\Users\g0190\OneDrive\Desktop\frame\dxlib_framework\Source\Physics\Public\Dxf/RigidBody2D.h(82): note: 'Dxf::FPhysicsWorld2D' の宣言を確認してください
C:\Users\g0190\OneDrive\Desktop\frame\dxlib_framework\Source\Physics\Private\PhysicsWorld2D.cpp(75): error C2248: 'Dxf::FPhysicsWorld2D::FImpl': private struct (クラス 'Dxf::FPhysicsWorld2D' で宣言されている) にアクセスできません。
C:\Users\g0190\OneDrive\Desktop\frame\dxlib_framework\Source\Physics\Private\PhysicsWorld2D.cpp(39): note: 'Dxf::FPhysicsWorld2D::FImpl' の宣言を確認してください
C:\Users\g0190\OneDrive\Desktop\frame\dxlib_framework\Source\Physics\Public\Dxf/RigidBody2D.h(82): note: 'Dxf::FPhysicsWorld2D' の宣言を確認してください
C:\Users\g0190\OneDrive\Desktop\frame\dxlib_framework\Source\Physics\Private\PhysicsWorld2D.cpp(90): error C2248: 'Dxf::FPhysicsWorld2D::FImpl': private struct (クラス 'Dxf::FPhysicsWorld2D' で宣言されている) にアクセスできません。
C:\Users\g0190\OneDrive\Desktop\frame\dxlib_framework\Source\Physics\Private\PhysicsWorld2D.cpp(39): note: 'Dxf::FPhysicsWorld2D::FImpl' の宣言を確認してください
C:\Users\g0190\OneDrive\Desktop\frame\dxlib_framework\Source\Physics\Public\Dxf/RigidBody2D.h(82): note: 'Dxf::FPhysicsWorld2D' の宣言を確認してください
C:\Users\g0190\OneDrive\Desktop\frame\dxlib_framework\Source\Physics\Private\PhysicsWorld2D.cpp(100): error C2248: 'Dxf::FPhysicsWorld2D::FImpl': private struct (クラス 'Dxf::FPhysicsWorld2D' で宣言されている) にアクセスできません。
C:\Users\g0190\OneDrive\Desktop\frame\dxlib_framework\Source\Physics\Private\PhysicsWorld2D.cpp(39): note: 'Dxf::FPhysicsWorld2D::FImpl' の宣言を確認してください
C:\Users\g0190\OneDrive\Desktop\frame\dxlib_framework\Source\Physics\Public\Dxf/RigidBody2D.h(82): note: 'Dxf::FPhysicsWorld2D' の宣言を確認してください
[3/11] Building CXX object CMakeFiles\dxf_physics.dir\Source\Physics\Private\PhysicsWorld3D.cpp.obj
FAILED: [code=2] CMakeFiles/dxf_physics.dir/Source/Physics/Private/PhysicsWorld3D.cpp.obj 
C:\PROGRA~1\MICROS~1\18\COMMUN~1\VC\Tools\MSVC\1451~1.362\bin\Hostx64\x64\cl.exe  /nologo /TP  -IC:\Users\g0190\OneDrive\Desktop\frame\dxlib_framework\Source\Physics\Public -IC:\Users\g0190\OneDrive\Desktop\frame\dxlib_framework\Source\Foundation\Public -IC:\Users\g0190\OneDrive\Desktop\frame\dxlib_framework\Source\Toolbox\Public /DWIN32 /D_WINDOWS /EHsc /Zi /Ob0 /Od /RTC1 -std:c++20 -MTd /W4 /permissive- /utf-8 /EHsc /GR /showIncludes /FoCMakeFiles\dxf_physics.dir\Source\Physics\Private\PhysicsWorld3D.cpp.obj /FdCMakeFiles\dxf_physics.dir\dxf_physics.pdb /FS -c C:\Users\g0190\OneDrive\Desktop\frame\dxlib_framework\Source\Physics\Private\PhysicsWorld3D.cpp
メモ: インクルード ファイル:  C:\Users\g0190\OneDrive\Desktop\frame\dxlib_framework\Source\Physics\Public\Dxf/RigidBody3D.h
メモ: インクルード ファイル:   C:\Users\g0190\OneDrive\Desktop\frame\dxlib_framework\Source\Physics\Public\Dxf/BodyType.h
メモ: インクルード ファイル:   C:\Users\g0190\OneDrive\Desktop\frame\dxlib_framework\Source\Toolbox\Public\Toolbox/Vector3.h
メモ: インクルード ファイル:    C:\Users\g0190\OneDrive\Desktop\frame\dxlib_framework\Source\Toolbox\Public\Toolbox/Utility.h
メモ: インクルード ファイル:     C:\Users\g0190\OneDrive\Desktop\frame\dxlib_framework\Source\Toolbox\Public\Toolbox/Compiler.h
メモ: インクルード ファイル:     C:\Program Files (x86)\Windows Kits\10\include\10.0.28000.0\ucrt\stddef.h
メモ: インクルード ファイル:      C:\Program Files (x86)\Windows Kits\10\include\10.0.28000.0\ucrt\corecrt.h
メモ: インクルード ファイル:       C:\Program Files\Microsoft Visual Studio\18\Community\VC\Tools\MSVC\14.51.36231\include\vcruntime.h
メモ: インクルード ファイル:        C:\Program Files\Microsoft Visual Studio\18\Community\VC\Tools\MSVC\14.51.36231\include\sal.h
メモ: インクルード ファイル:         C:\Program Files\Microsoft Visual Studio\18\Community\VC\Tools\MSVC\14.51.36231\include\concurrencysal.h
メモ: インクルード ファイル:        C:\Program Files\Microsoft Visual Studio\18\Community\VC\Tools\MSVC\14.51.36231\include\vadefs.h
メモ: インクルード ファイル:     C:\Program Files\Microsoft Visual Studio\18\Community\VC\Tools\MSVC\14.51.36231\include\stdint.h
メモ: インクルード ファイル:     C:\Program Files\Microsoft Visual Studio\18\Community\VC\Tools\MSVC\14.51.36231\include\limits.h
メモ: インクルード ファイル:     C:\Program Files (x86)\Windows Kits\10\include\10.0.28000.0\ucrt\float.h
メモ: インクルード ファイル:     C:\Program Files (x86)\Windows Kits\10\include\10.0.28000.0\ucrt\math.h
メモ: インクルード ファイル:      C:\Program Files (x86)\Windows Kits\10\include\10.0.28000.0\ucrt\corecrt_math.h
メモ: インクルード ファイル:     C:\Program Files\Microsoft Visual Studio\18\Community\VC\Tools\MSVC\14.51.36231\include\new
メモ: インクルード ファイル:      C:\Program Files\Microsoft Visual Studio\18\Community\VC\Tools\MSVC\14.51.36231\include\yvals_core.h
メモ: インクルード ファイル:       C:\Program Files\Microsoft Visual Studio\18\Community\VC\Tools\MSVC\14.51.36231\include\xkeycheck.h
メモ: インクルード ファイル:      C:\Program Files\Microsoft Visual Studio\18\Community\VC\Tools\MSVC\14.51.36231\include\exception
メモ: インクルード ファイル:       C:\Program Files\Microsoft Visual Studio\18\Community\VC\Tools\MSVC\14.51.36231\include\yvals.h
メモ: インクルード ファイル:        C:\Program Files\Microsoft Visual Studio\18\Community\VC\Tools\MSVC\14.51.36231\include\__msvc_doom_core.hpp
メモ: インクルード ファイル:        C:\Program Files (x86)\Windows Kits\10\include\10.0.28000.0\ucrt\crtdbg.h
メモ: インクルード ファイル:         C:\Program Files\Microsoft Visual Studio\18\Community\VC\Tools\MSVC\14.51.36231\include\vcruntime_new_debug.h
メモ: インクルード ファイル:          C:\Program Files\Microsoft Visual Studio\18\Community\VC\Tools\MSVC\14.51.36231\include\vcruntime_new.h
メモ: インクルード ファイル:        C:\Program Files\Microsoft Visual Studio\18\Community\VC\Tools\MSVC\14.51.36231\include\crtdefs.h
メモ: インクルード ファイル:        C:\Program Files\Microsoft Visual Studio\18\Community\VC\Tools\MSVC\14.51.36231\include\use_ansi.h
メモ: インクルード ファイル:       C:\Program Files\Microsoft Visual Studio\18\Community\VC\Tools\MSVC\14.51.36231\include\cstdlib
メモ: インクルード ファイル:        C:\Program Files (x86)\Windows Kits\10\include\10.0.28000.0\ucrt\math.h
メモ: インクルード ファイル:        C:\Program Files (x86)\Windows Kits\10\include\10.0.28000.0\ucrt\stdlib.h
メモ: インクルード ファイル:         C:\Program Files (x86)\Windows Kits\10\include\10.0.28000.0\ucrt\corecrt_malloc.h
メモ: インクルード ファイル:         C:\Program Files (x86)\Windows Kits\10\include\10.0.28000.0\ucrt\corecrt_search.h
メモ: インクルード ファイル:         C:\Program Files (x86)\Windows Kits\10\include\10.0.28000.0\ucrt\corecrt_wstdlib.h
メモ: インクルード ファイル:       C:\Program Files\Microsoft Visual Studio\18\Community\VC\Tools\MSVC\14.51.36231\include\type_traits
メモ: インクルード ファイル:        C:\Program Files\Microsoft Visual Studio\18\Community\VC\Tools\MSVC\14.51.36231\include\cstddef
メモ: インクルード ファイル:         C:\Program Files\Microsoft Visual Studio\18\Community\VC\Tools\MSVC\14.51.36231\include\xtr1common
メモ: インクルード ファイル:        C:\Program Files\Microsoft Visual Studio\18\Community\VC\Tools\MSVC\14.51.36231\include\cstdint
メモ: インクルード ファイル:       C:\Program Files (x86)\Windows Kits\10\include\10.0.28000.0\ucrt\malloc.h
メモ: インクルード ファイル:       C:\Program Files\Microsoft Visual Studio\18\Community\VC\Tools\MSVC\14.51.36231\include\vcruntime_exception.h
メモ: インクルード ファイル:        C:\Program Files\Microsoft Visual Studio\18\Community\VC\Tools\MSVC\14.51.36231\include\eh.h
メモ: インクルード ファイル:         C:\Program Files (x86)\Windows Kits\10\include\10.0.28000.0\ucrt\corecrt_terminate.h
メモ: インクルード ファイル:     C:\Program Files\Microsoft Visual Studio\18\Community\VC\Tools\MSVC\14.51.36231\include\initializer_list
メモ: インクルード ファイル:    C:\Program Files\Microsoft Visual Studio\18\Community\VC\Tools\MSVC\14.51.36231\include\emmintrin.h
メモ: インクルード ファイル:     C:\Program Files\Microsoft Visual Studio\18\Community\VC\Tools\MSVC\14.51.36231\include\xmmintrin.h
メモ: インクルード ファイル:      C:\Program Files\Microsoft Visual Studio\18\Community\VC\Tools\MSVC\14.51.36231\include\mmintrin.h
メモ: インクルード ファイル:   C:\Users\g0190\OneDrive\Desktop\frame\dxlib_framework\Source\Toolbox\Public\Toolbox/Quaternion.h
メモ: インクルード ファイル:    C:\Users\g0190\OneDrive\Desktop\frame\dxlib_framework\Source\Toolbox\Public\Toolbox/Matrix4.h
メモ: インクルード ファイル:     C:\Users\g0190\OneDrive\Desktop\frame\dxlib_framework\Source\Toolbox\Public\Toolbox/Array.h
メモ: インクルード ファイル:   C:\Users\g0190\OneDrive\Desktop\frame\dxlib_framework\Source\Toolbox\Public\Toolbox/UniquePtr.h
C:\Users\g0190\OneDrive\Desktop\frame\dxlib_framework\Source\Physics\Public\Dxf/RigidBody3D.h(45): warning C4324: 'Dxf::FBodyDescription3D': アラインメント指定子のために構造体がパッドされました
C:\Users\g0190\OneDrive\Desktop\frame\dxlib_framework\Source\Physics\Public\Dxf/RigidBody3D.h(65): warning C4324: 'Dxf::FBodyDescription3D': アラインメント指定子のために構造体がパッドされました
メモ: インクルード ファイル:  C:\Users\g0190\OneDrive\Desktop\frame\dxlib_framework\Source\Toolbox\Public\Toolbox/Vector.h
C:\Users\g0190\OneDrive\Desktop\frame\dxlib_framework\Source\Physics\Private\PhysicsWorld3D.cpp(72): warning C4324: 'Dxf::FBodyRecord3D': アラインメント指定子のために構造体がパッドされました
C:\Users\g0190\OneDrive\Desktop\frame\dxlib_framework\Source\Physics\Private\PhysicsWorld3D.cpp(82): warning C4324: 'Dxf::FBodyRecord3D': アラインメント指定子のために構造体がパッドされました
C:\Users\g0190\OneDrive\Desktop\frame\dxlib_framework\Source\Physics\Private\PhysicsWorld3D.cpp(96): warning C4324: 'Dxf::FPhysicsWorld3D::FImpl': アラインメント指定子のために構造体がパッドされました
C:\Users\g0190\OneDrive\Desktop\frame\dxlib_framework\Source\Physics\Private\PhysicsWorld3D.cpp(108): error C2248: 'Dxf::FPhysicsWorld3D::FImpl': private struct (クラス 'Dxf::FPhysicsWorld3D' で宣言されている) にアクセスできません。
C:\Users\g0190\OneDrive\Desktop\frame\dxlib_framework\Source\Physics\Private\PhysicsWorld3D.cpp(87): note: 'Dxf::FPhysicsWorld3D::FImpl' の宣言を確認してください
C:\Users\g0190\OneDrive\Desktop\frame\dxlib_framework\Source\Physics\Public\Dxf/RigidBody3D.h(83): note: 'Dxf::FPhysicsWorld3D' の宣言を確認してください
C:\Users\g0190\OneDrive\Desktop\frame\dxlib_framework\Source\Physics\Private\PhysicsWorld3D.cpp(123): error C2248: 'Dxf::FPhysicsWorld3D::FImpl': private struct (クラス 'Dxf::FPhysicsWorld3D' で宣言されている) にアクセスできません。
C:\Users\g0190\OneDrive\Desktop\frame\dxlib_framework\Source\Physics\Private\PhysicsWorld3D.cpp(87): note: 'Dxf::FPhysicsWorld3D::FImpl' の宣言を確認してください
C:\Users\g0190\OneDrive\Desktop\frame\dxlib_framework\Source\Physics\Public\Dxf/RigidBody3D.h(83): note: 'Dxf::FPhysicsWorld3D' の宣言を確認してください
C:\Users\g0190\OneDrive\Desktop\frame\dxlib_framework\Source\Physics\Private\PhysicsWorld3D.cpp(138): error C2248: 'Dxf::FPhysicsWorld3D::FImpl': private struct (クラス 'Dxf::FPhysicsWorld3D' で宣言されている) にアクセスできません。
C:\Users\g0190\OneDrive\Desktop\frame\dxlib_framework\Source\Physics\Private\PhysicsWorld3D.cpp(87): note: 'Dxf::FPhysicsWorld3D::FImpl' の宣言を確認してください
C:\Users\g0190\OneDrive\Desktop\frame\dxlib_framework\Source\Physics\Public\Dxf/RigidBody3D.h(83): note: 'Dxf::FPhysicsWorld3D' の宣言を確認してください
C:\Users\g0190\OneDrive\Desktop\frame\dxlib_framework\Source\Physics\Private\PhysicsWorld3D.cpp(148): error C2248: 'Dxf::FPhysicsWorld3D::FImpl': private struct (クラス 'Dxf::FPhysicsWorld3D' で宣言されている) にアクセスできません。
C:\Users\g0190\OneDrive\Desktop\frame\dxlib_framework\Source\Physics\Private\PhysicsWorld3D.cpp(87): note: 'Dxf::FPhysicsWorld3D::FImpl' の宣言を確認してください
C:\Users\g0190\OneDrive\Desktop\frame\dxlib_framework\Source\Physics\Public\Dxf/RigidBody3D.h(83): note: 'Dxf::FPhysicsWorld3D' の宣言を確認してください
[4/11] Building CXX object CMakeFiles\dxf_physics_tests.dir\Tools\PhysicsValidation\Main.cpp.obj
メモ: インクルード ファイル:  C:\Users\g0190\OneDrive\Desktop\frame\dxlib_framework\Tests\Physics\TestCases.h
メモ: インクルード ファイル:   C:\Users\g0190\OneDrive\Desktop\frame\dxlib_framework\Source\Toolbox\Public\Toolbox/Utility.h
メモ: インクルード ファイル:    C:\Users\g0190\OneDrive\Desktop\frame\dxlib_framework\Source\Toolbox\Public\Toolbox/Compiler.h
メモ: インクルード ファイル:    C:\Program Files (x86)\Windows Kits\10\include\10.0.28000.0\ucrt\stddef.h
メモ: インクルード ファイル:     C:\Program Files (x86)\Windows Kits\10\include\10.0.28000.0\ucrt\corecrt.h
メモ: インクルード ファイル:      C:\Program Files\Microsoft Visual Studio\18\Community\VC\Tools\MSVC\14.51.36231\include\vcruntime.h
メモ: インクルード ファイル:       C:\Program Files\Microsoft Visual Studio\18\Community\VC\Tools\MSVC\14.51.36231\include\sal.h
メモ: インクルード ファイル:        C:\Program Files\Microsoft Visual Studio\18\Community\VC\Tools\MSVC\14.51.36231\include\concurrencysal.h
メモ: インクルード ファイル:       C:\Program Files\Microsoft Visual Studio\18\Community\VC\Tools\MSVC\14.51.36231\include\vadefs.h
メモ: インクルード ファイル:    C:\Program Files\Microsoft Visual Studio\18\Community\VC\Tools\MSVC\14.51.36231\include\stdint.h
メモ: インクルード ファイル:    C:\Program Files\Microsoft Visual Studio\18\Community\VC\Tools\MSVC\14.51.36231\include\limits.h
メモ: インクルード ファイル:    C:\Program Files (x86)\Windows Kits\10\include\10.0.28000.0\ucrt\float.h
メモ: インクルード ファイル:    C:\Program Files (x86)\Windows Kits\10\include\10.0.28000.0\ucrt\math.h
メモ: インクルード ファイル:     C:\Program Files (x86)\Windows Kits\10\include\10.0.28000.0\ucrt\corecrt_math.h
メモ: インクルード ファイル:    C:\Program Files\Microsoft Visual Studio\18\Community\VC\Tools\MSVC\14.51.36231\include\new
メモ: インクルード ファイル:     C:\Program Files\Microsoft Visual Studio\18\Community\VC\Tools\MSVC\14.51.36231\include\yvals_core.h
メモ: インクルード ファイル:      C:\Program Files\Microsoft Visual Studio\18\Community\VC\Tools\MSVC\14.51.36231\include\xkeycheck.h
メモ: インクルード ファイル:     C:\Program Files\Microsoft Visual Studio\18\Community\VC\Tools\MSVC\14.51.36231\include\exception
メモ: インクルード ファイル:      C:\Program Files\Microsoft Visual Studio\18\Community\VC\Tools\MSVC\14.51.36231\include\yvals.h
メモ: インクルード ファイル:       C:\Program Files\Microsoft Visual Studio\18\Community\VC\Tools\MSVC\14.51.36231\include\__msvc_doom_core.hpp
メモ: インクルード ファイル:       C:\Program Files (x86)\Windows Kits\10\include\10.0.28000.0\ucrt\crtdbg.h
メモ: インクルード ファイル:        C:\Program Files\Microsoft Visual Studio\18\Community\VC\Tools\MSVC\14.51.36231\include\vcruntime_new_debug.h
メモ: インクルード ファイル:         C:\Program Files\Microsoft Visual Studio\18\Community\VC\Tools\MSVC\14.51.36231\include\vcruntime_new.h
メモ: インクルード ファイル:       C:\Program Files\Microsoft Visual Studio\18\Community\VC\Tools\MSVC\14.51.36231\include\crtdefs.h
メモ: インクルード ファイル:       C:\Program Files\Microsoft Visual Studio\18\Community\VC\Tools\MSVC\14.51.36231\include\use_ansi.h
メモ: インクルード ファイル:      C:\Program Files\Microsoft Visual Studio\18\Community\VC\Tools\MSVC\14.51.36231\include\cstdlib
メモ: インクルード ファイル:       C:\Program Files (x86)\Windows Kits\10\include\10.0.28000.0\ucrt\math.h
メモ: インクルード ファイル:       C:\Program Files (x86)\Windows Kits\10\include\10.0.28000.0\ucrt\stdlib.h
メモ: インクルード ファイル:        C:\Program Files (x86)\Windows Kits\10\include\10.0.28000.0\ucrt\corecrt_malloc.h
メモ: インクルード ファイル:        C:\Program Files (x86)\Windows Kits\10\include\10.0.28000.0\ucrt\corecrt_search.h
メモ: インクルード ファイル:        C:\Program Files (x86)\Windows Kits\10\include\10.0.28000.0\ucrt\corecrt_wstdlib.h
メモ: インクルード ファイル:      C:\Program Files\Microsoft Visual Studio\18\Community\VC\Tools\MSVC\14.51.36231\include\type_traits
メモ: インクルード ファイル:       C:\Program Files\Microsoft Visual Studio\18\Community\VC\Tools\MSVC\14.51.36231\include\cstddef
メモ: インクルード ファイル:        C:\Program Files\Microsoft Visual Studio\18\Community\VC\Tools\MSVC\14.51.36231\include\xtr1common
メモ: インクルード ファイル:       C:\Program Files\Microsoft Visual Studio\18\Community\VC\Tools\MSVC\14.51.36231\include\cstdint
メモ: インクルード ファイル:      C:\Program Files (x86)\Windows Kits\10\include\10.0.28000.0\ucrt\malloc.h
メモ: インクルード ファイル:      C:\Program Files\Microsoft Visual Studio\18\Community\VC\Tools\MSVC\14.51.36231\include\vcruntime_exception.h
メモ: インクルード ファイル:       C:\Program Files\Microsoft Visual Studio\18\Community\VC\Tools\MSVC\14.51.36231\include\eh.h
メモ: インクルード ファイル:        C:\Program Files (x86)\Windows Kits\10\include\10.0.28000.0\ucrt\corecrt_terminate.h
メモ: インクルード ファイル:    C:\Program Files\Microsoft Visual Studio\18\Community\VC\Tools\MSVC\14.51.36231\include\initializer_list
メモ: インクルード ファイル:  C:\Program Files (x86)\Windows Kits\10\include\10.0.28000.0\ucrt\stdio.h
メモ: インクルード ファイル:   C:\Program Files (x86)\Windows Kits\10\include\10.0.28000.0\ucrt\corecrt_wstdio.h
メモ: インクルード ファイル:    C:\Program Files (x86)\Windows Kits\10\include\10.0.28000.0\ucrt\corecrt_stdio_config.h
[5/11] Building CXX object CMakeFiles\dxf_physics_tests.dir\Tests\Physics\CollisionTests.cpp.obj
メモ: インクルード ファイル:  C:\Users\g0190\OneDrive\Desktop\frame\dxlib_framework\Tests\Physics\TestCases.h
メモ: インクルード ファイル:   C:\Users\g0190\OneDrive\Desktop\frame\dxlib_framework\Source\Toolbox\Public\Toolbox/Utility.h
メモ: インクルード ファイル:    C:\Users\g0190\OneDrive\Desktop\frame\dxlib_framework\Source\Toolbox\Public\Toolbox/Compiler.h
メモ: インクルード ファイル:    C:\Program Files (x86)\Windows Kits\10\include\10.0.28000.0\ucrt\stddef.h
メモ: インクルード ファイル:     C:\Program Files (x86)\Windows Kits\10\include\10.0.28000.0\ucrt\corecrt.h
メモ: インクルード ファイル:      C:\Program Files\Microsoft Visual Studio\18\Community\VC\Tools\MSVC\14.51.36231\include\vcruntime.h
メモ: インクルード ファイル:       C:\Program Files\Microsoft Visual Studio\18\Community\VC\Tools\MSVC\14.51.36231\include\sal.h
メモ: インクルード ファイル:        C:\Program Files\Microsoft Visual Studio\18\Community\VC\Tools\MSVC\14.51.36231\include\concurrencysal.h
メモ: インクルード ファイル:       C:\Program Files\Microsoft Visual Studio\18\Community\VC\Tools\MSVC\14.51.36231\include\vadefs.h
メモ: インクルード ファイル:    C:\Program Files\Microsoft Visual Studio\18\Community\VC\Tools\MSVC\14.51.36231\include\stdint.h
メモ: インクルード ファイル:    C:\Program Files\Microsoft Visual Studio\18\Community\VC\Tools\MSVC\14.51.36231\include\limits.h
メモ: インクルード ファイル:    C:\Program Files (x86)\Windows Kits\10\include\10.0.28000.0\ucrt\float.h
メモ: インクルード ファイル:    C:\Program Files (x86)\Windows Kits\10\include\10.0.28000.0\ucrt\math.h
メモ: インクルード ファイル:     C:\Program Files (x86)\Windows Kits\10\include\10.0.28000.0\ucrt\corecrt_math.h
メモ: インクルード ファイル:    C:\Program Files\Microsoft Visual Studio\18\Community\VC\Tools\MSVC\14.51.36231\include\new
メモ: インクルード ファイル:     C:\Program Files\Microsoft Visual Studio\18\Community\VC\Tools\MSVC\14.51.36231\include\yvals_core.h
メモ: インクルード ファイル:      C:\Program Files\Microsoft Visual Studio\18\Community\VC\Tools\MSVC\14.51.36231\include\xkeycheck.h
メモ: インクルード ファイル:     C:\Program Files\Microsoft Visual Studio\18\Community\VC\Tools\MSVC\14.51.36231\include\exception
メモ: インクルード ファイル:      C:\Program Files\Microsoft Visual Studio\18\Community\VC\Tools\MSVC\14.51.36231\include\yvals.h
メモ: インクルード ファイル:       C:\Program Files\Microsoft Visual Studio\18\Community\VC\Tools\MSVC\14.51.36231\include\__msvc_doom_core.hpp
メモ: インクルード ファイル:       C:\Program Files (x86)\Windows Kits\10\include\10.0.28000.0\ucrt\crtdbg.h
メモ: インクルード ファイル:        C:\Program Files\Microsoft Visual Studio\18\Community\VC\Tools\MSVC\14.51.36231\include\vcruntime_new_debug.h
メモ: インクルード ファイル:         C:\Program Files\Microsoft Visual Studio\18\Community\VC\Tools\MSVC\14.51.36231\include\vcruntime_new.h
メモ: インクルード ファイル:       C:\Program Files\Microsoft Visual Studio\18\Community\VC\Tools\MSVC\14.51.36231\include\crtdefs.h
メモ: インクルード ファイル:       C:\Program Files\Microsoft Visual Studio\18\Community\VC\Tools\MSVC\14.51.36231\include\use_ansi.h
メモ: インクルード ファイル:      C:\Program Files\Microsoft Visual Studio\18\Community\VC\Tools\MSVC\14.51.36231\include\cstdlib
メモ: インクルード ファイル:       C:\Program Files (x86)\Windows Kits\10\include\10.0.28000.0\ucrt\math.h
メモ: インクルード ファイル:       C:\Program Files (x86)\Windows Kits\10\include\10.0.28000.0\ucrt\stdlib.h
メモ: インクルード ファイル:        C:\Program Files (x86)\Windows Kits\10\include\10.0.28000.0\ucrt\corecrt_malloc.h
メモ: インクルード ファイル:        C:\Program Files (x86)\Windows Kits\10\include\10.0.28000.0\ucrt\corecrt_search.h
メモ: インクルード ファイル:        C:\Program Files (x86)\Windows Kits\10\include\10.0.28000.0\ucrt\corecrt_wstdlib.h
メモ: インクルード ファイル:      C:\Program Files\Microsoft Visual Studio\18\Community\VC\Tools\MSVC\14.51.36231\include\type_traits
メモ: インクルード ファイル:       C:\Program Files\Microsoft Visual Studio\18\Community\VC\Tools\MSVC\14.51.36231\include\cstddef
メモ: インクルード ファイル:        C:\Program Files\Microsoft Visual Studio\18\Community\VC\Tools\MSVC\14.51.36231\include\xtr1common
メモ: インクルード ファイル:       C:\Program Files\Microsoft Visual Studio\18\Community\VC\Tools\MSVC\14.51.36231\include\cstdint
メモ: インクルード ファイル:      C:\Program Files (x86)\Windows Kits\10\include\10.0.28000.0\ucrt\malloc.h
メモ: インクルード ファイル:      C:\Program Files\Microsoft Visual Studio\18\Community\VC\Tools\MSVC\14.51.36231\include\vcruntime_exception.h
メモ: インクルード ファイル:       C:\Program Files\Microsoft Visual Studio\18\Community\VC\Tools\MSVC\14.51.36231\include\eh.h
メモ: インクルード ファイル:        C:\Program Files (x86)\Windows Kits\10\include\10.0.28000.0\ucrt\corecrt_terminate.h
メモ: インクルード ファイル:    C:\Program Files\Microsoft Visual Studio\18\Community\VC\Tools\MSVC\14.51.36231\include\initializer_list
メモ: インクルード ファイル:  C:\Users\g0190\OneDrive\Desktop\frame\dxlib_framework\Source\Toolbox\Public\Toolbox/CollisionShapes.h
メモ: インクルード ファイル:   C:\Users\g0190\OneDrive\Desktop\frame\dxlib_framework\Source\Toolbox\Public\Toolbox/Vector3.h
メモ: インクルード ファイル:    C:\Program Files\Microsoft Visual Studio\18\Community\VC\Tools\MSVC\14.51.36231\include\emmintrin.h
メモ: インクルード ファイル:     C:\Program Files\Microsoft Visual Studio\18\Community\VC\Tools\MSVC\14.51.36231\include\xmmintrin.h
メモ: インクルード ファイル:      C:\Program Files\Microsoft Visual Studio\18\Community\VC\Tools\MSVC\14.51.36231\include\mmintrin.h
メモ: インクルード ファイル:   C:\Users\g0190\OneDrive\Desktop\frame\dxlib_framework\Source\Toolbox\Public\Toolbox/Array.h
メモ: インクルード ファイル:   C:\Users\g0190\OneDrive\Desktop\frame\dxlib_framework\Source\Toolbox\Public\Toolbox/Variant.h
メモ: インクルード ファイル:    C:\Users\g0190\OneDrive\Desktop\frame\dxlib_framework\Source\Toolbox\Public\Toolbox/Optional.h
メモ: インクルード ファイル:   C:\Users\g0190\OneDrive\Desktop\frame\dxlib_framework\Source\Toolbox\Public\Toolbox/Vector.h
メモ: インクルード ファイル:   C:\Users\g0190\OneDrive\Desktop\frame\dxlib_framework\Source\Toolbox\Public\Toolbox/SharedPtr.h
メモ: インクルード ファイル:    C:\Users\g0190\OneDrive\Desktop\frame\dxlib_framework\Source\Toolbox\Public\Toolbox/Atomic.h
メモ: インクルード ファイル:     C:\Program Files\Microsoft Visual Studio\18\Community\VC\Tools\MSVC\14.51.36231\include\intrin.h
メモ: インクルード ファイル:      C:\Program Files\Microsoft Visual Studio\18\Community\VC\Tools\MSVC\14.51.36231\include\intrin0.inl.h
メモ: インクルード ファイル:      C:\Program Files\Microsoft Visual Studio\18\Community\VC\Tools\MSVC\14.51.36231\include\setjmp.h
メモ: インクルード ファイル:      C:\Program Files\Microsoft Visual Studio\18\Community\VC\Tools\MSVC\14.51.36231\include\immintrin.h
メモ: インクルード ファイル:       C:\Program Files\Microsoft Visual Studio\18\Community\VC\Tools\MSVC\14.51.36231\include\wmmintrin.h
メモ: インクルード ファイル:        C:\Program Files\Microsoft Visual Studio\18\Community\VC\Tools\MSVC\14.51.36231\include\nmmintrin.h
メモ: インクルード ファイル:         C:\Program Files\Microsoft Visual Studio\18\Community\VC\Tools\MSVC\14.51.36231\include\smmintrin.h
メモ: インクルード ファイル:          C:\Program Files\Microsoft Visual Studio\18\Community\VC\Tools\MSVC\14.51.36231\include\tmmintrin.h
メモ: インクルード ファイル:           C:\Program Files\Microsoft Visual Studio\18\Community\VC\Tools\MSVC\14.51.36231\include\pmmintrin.h
メモ: インクルード ファイル:       C:\Program Files\Microsoft Visual Studio\18\Community\VC\Tools\MSVC\14.51.36231\include\zmmintrin.h
メモ: インクルード ファイル:      C:\Program Files\Microsoft Visual Studio\18\Community\VC\Tools\MSVC\14.51.36231\include\ammintrin.h
ninja: build stopped: subcommand failed.
.\Tools\Build.cmd : C:\Users\g0190\OneDrive\Desktop\frame\dxlib_framework\Tools\BuildWindows.ps1 : debug-build failed. 
See C:\Users\g0190\O
発生場所 行:1 文字:1
+ .\Tools\Build.cmd -Configuration Debug 2>&1 | Out-File -FilePath "Doc ...
+ ~~~~~~~~~~~~~~~~~~~~~~~~~~~~~~~~~~~~~~~~~~~
    + CategoryInfo          : NotSpecified: (C:\Users\g0190\...:\Users\g0190\O:String) [], RemoteException
    + FullyQualifiedErrorId : NativeCommandError
 
neDrive\Desktop\frame\dxlib_framework\Build\WindowsValidation\debug-build.log
    + CategoryInfo          : NotSpecified: (:) [Write-Error], WriteErrorException
    + FullyQualifiedErrorId : Microsoft.PowerShell.Commands.WriteErrorException,BuildWindows.ps1
 
