dxf-includes.cpp
繝｡繝｢: 繧､繝ｳ繧ｯ繝ｫ繝ｼ繝・繝輔ぃ繧､繝ｫ:  C:\Users\g0190\OneDrive\Desktop\frame\dxlib_framework\Build\WindowsValidation\IncludeProbe\dxf-includes.h




-- Configuring done (0.5s)
-- Generating done (0.1s)
-- Build files have been written to: C:/Users/g0190/OneDrive/Desktop/frame/dxlib_framework/Build/windows-debug
[0/2] Re-checking globbed directories...
[1/5] Copying sample assets
[2/5] Building CXX object CMakeFiles\dxf_physics_tests.dir\Tools\PhysicsValidation\Main.cpp.obj
メモ: インクルード ファイル:  C:\Users\g0190\OneDrive\Desktop\frame\dxlib_framework\Tests\Physics\TestCases.h
メモ: インクルード ファイル:   C:\Users\g0190\OneDrive\Desktop\frame\dxlib_framework\Source\Toolbox\Public\Toolbox/Utility.h
メモ: インクルード ファイル:    C:\Users\g0190\OneDrive\Desktop\frame\dxlib_framework\Source\Toolbox\Public\Toolbox/Compiler.h
メモ: インクルード ファイル:    C:\Program Files (x86)\Windows Kits\10\include\10.0.28000.0\ucrt\stddef.h
メモ: インクルード ファイル:     C:\Program Files (x86)\Windows Kits\10\include\10.0.28000.0\ucrt\corecrt.h
メモ: インクルード ファイル:      C:\Program Files\Microsoft Visual Studio\18\Community\VC\Tools\MSVC\14.51.36231\include\vcruntime.h
メモ: インクルード ファイル:       C:\Program Files\Microsoft Visual Studio\18\Community\VC\Tools\MSVC\14.51.36231\include\sal.h
メモ: インクルード ファイル:        C:\Program Files\Microsoft Visual Studio\18\Community\VC\Tools\MSVC\14.51.36231\include\concurrencysal.h
メモ: インクルード ファイル:       C:\Program Files\Microsoft Visual Studio\18\Community\VC\Tools\MSVC\14.51.36231\include\vadefs.h
メモ: インクルード ファイル:    C:\Program Files\Microsoft Visual Studio\18\Community\VC\Tools\MSVC\14.51.36231\include\stdint.h
メモ: インクルード ファイル:    C:\Program Files\Microsoft Visual Studio\18\Community\VC\Tools\MSVC\14.51.36231\include\limits.h
メモ: インクルード ファイル:    C:\Program Files (x86)\Windows Kits\10\include\10.0.28000.0\ucrt\float.h
メモ: インクルード ファイル:    C:\Program Files (x86)\Windows Kits\10\include\10.0.28000.0\ucrt\math.h
メモ: インクルード ファイル:     C:\Program Files (x86)\Windows Kits\10\include\10.0.28000.0\ucrt\corecrt_math.h
メモ: インクルード ファイル:    C:\Program Files\Microsoft Visual Studio\18\Community\VC\Tools\MSVC\14.51.36231\include\new
メモ: インクルード ファイル:     C:\Program Files\Microsoft Visual Studio\18\Community\VC\Tools\MSVC\14.51.36231\include\yvals_core.h
メモ: インクルード ファイル:      C:\Program Files\Microsoft Visual Studio\18\Community\VC\Tools\MSVC\14.51.36231\include\xkeycheck.h
メモ: インクルード ファイル:     C:\Program Files\Microsoft Visual Studio\18\Community\VC\Tools\MSVC\14.51.36231\include\exception
メモ: インクルード ファイル:      C:\Program Files\Microsoft Visual Studio\18\Community\VC\Tools\MSVC\14.51.36231\include\yvals.h
メモ: インクルード ファイル:       C:\Program Files\Microsoft Visual Studio\18\Community\VC\Tools\MSVC\14.51.36231\include\__msvc_doom_core.hpp
メモ: インクルード ファイル:       C:\Program Files (x86)\Windows Kits\10\include\10.0.28000.0\ucrt\crtdbg.h
メモ: インクルード ファイル:        C:\Program Files\Microsoft Visual Studio\18\Community\VC\Tools\MSVC\14.51.36231\include\vcruntime_new_debug.h
メモ: インクルード ファイル:         C:\Program Files\Microsoft Visual Studio\18\Community\VC\Tools\MSVC\14.51.36231\include\vcruntime_new.h
メモ: インクルード ファイル:       C:\Program Files\Microsoft Visual Studio\18\Community\VC\Tools\MSVC\14.51.36231\include\crtdefs.h
メモ: インクルード ファイル:       C:\Program Files\Microsoft Visual Studio\18\Community\VC\Tools\MSVC\14.51.36231\include\use_ansi.h
メモ: インクルード ファイル:      C:\Program Files\Microsoft Visual Studio\18\Community\VC\Tools\MSVC\14.51.36231\include\cstdlib
メモ: インクルード ファイル:       C:\Program Files (x86)\Windows Kits\10\include\10.0.28000.0\ucrt\math.h
メモ: インクルード ファイル:       C:\Program Files (x86)\Windows Kits\10\include\10.0.28000.0\ucrt\stdlib.h
メモ: インクルード ファイル:        C:\Program Files (x86)\Windows Kits\10\include\10.0.28000.0\ucrt\corecrt_malloc.h
メモ: インクルード ファイル:        C:\Program Files (x86)\Windows Kits\10\include\10.0.28000.0\ucrt\corecrt_search.h
メモ: インクルード ファイル:        C:\Program Files (x86)\Windows Kits\10\include\10.0.28000.0\ucrt\corecrt_wstdlib.h
メモ: インクルード ファイル:      C:\Program Files\Microsoft Visual Studio\18\Community\VC\Tools\MSVC\14.51.36231\include\type_traits
メモ: インクルード ファイル:       C:\Program Files\Microsoft Visual Studio\18\Community\VC\Tools\MSVC\14.51.36231\include\cstddef
メモ: インクルード ファイル:        C:\Program Files\Microsoft Visual Studio\18\Community\VC\Tools\MSVC\14.51.36231\include\xtr1common
メモ: インクルード ファイル:       C:\Program Files\Microsoft Visual Studio\18\Community\VC\Tools\MSVC\14.51.36231\include\cstdint
メモ: インクルード ファイル:      C:\Program Files (x86)\Windows Kits\10\include\10.0.28000.0\ucrt\malloc.h
メモ: インクルード ファイル:      C:\Program Files\Microsoft Visual Studio\18\Community\VC\Tools\MSVC\14.51.36231\include\vcruntime_exception.h
メモ: インクルード ファイル:       C:\Program Files\Microsoft Visual Studio\18\Community\VC\Tools\MSVC\14.51.36231\include\eh.h
メモ: インクルード ファイル:        C:\Program Files (x86)\Windows Kits\10\include\10.0.28000.0\ucrt\corecrt_terminate.h
メモ: インクルード ファイル:    C:\Program Files\Microsoft Visual Studio\18\Community\VC\Tools\MSVC\14.51.36231\include\initializer_list
メモ: インクルード ファイル:  C:\Program Files (x86)\Windows Kits\10\include\10.0.28000.0\ucrt\stdio.h
メモ: インクルード ファイル:   C:\Program Files (x86)\Windows Kits\10\include\10.0.28000.0\ucrt\corecrt_wstdio.h
メモ: インクルード ファイル:    C:\Program Files (x86)\Windows Kits\10\include\10.0.28000.0\ucrt\corecrt_stdio_config.h
[3/5] Building CXX object CMakeFiles\dxf_physics_tests.dir\Tests\Physics\ContinuousTests.cpp.obj
FAILED: [code=2] CMakeFiles/dxf_physics_tests.dir/Tests/Physics/ContinuousTests.cpp.obj
C:\PROGRA~1\MICROS~1\18\COMMUN~1\VC\Tools\MSVC\1451~1.362\bin\Hostx64\x64\cl.exe  /nologo /TP  -IC:\Users\g0190\OneDrive\Desktop\frame\dxlib_framework\Tests\Physics -IC:\Users\g0190\OneDrive\Desktop\frame\dxlib_framework\Source\Physics\Public -IC:\Users\g0190\OneDrive\Desktop\frame\dxlib_framework\Source\Foundation\Public -IC:\Users\g0190\OneDrive\Desktop\frame\dxlib_framework\Source\Toolbox\Public /DWIN32 /D_WINDOWS /EHsc /Zi /Ob0 /Od /RTC1 -std:c++20 -MTd /W4 /permissive- /utf-8 /EHsc /GR /showIncludes /FoCMakeFiles\dxf_physics_tests.dir\Tests\Physics\ContinuousTests.cpp.obj /FdCMakeFiles\dxf_physics_tests.dir\ /FS -c C:\Users\g0190\OneDrive\Desktop\frame\dxlib_framework\Tests\Physics\ContinuousTests.cpp
メモ: インクルード ファイル:  C:\Users\g0190\OneDrive\Desktop\frame\dxlib_framework\Tests\Physics\TestCases.h
メモ: インクルード ファイル:   C:\Users\g0190\OneDrive\Desktop\frame\dxlib_framework\Source\Toolbox\Public\Toolbox/Utility.h
メモ: インクルード ファイル:    C:\Users\g0190\OneDrive\Desktop\frame\dxlib_framework\Source\Toolbox\Public\Toolbox/Compiler.h
メモ: インクルード ファイル:    C:\Program Files (x86)\Windows Kits\10\include\10.0.28000.0\ucrt\stddef.h
メモ: インクルード ファイル:     C:\Program Files (x86)\Windows Kits\10\include\10.0.28000.0\ucrt\corecrt.h
メモ: インクルード ファイル:      C:\Program Files\Microsoft Visual Studio\18\Community\VC\Tools\MSVC\14.51.36231\include\vcruntime.h
メモ: インクルード ファイル:       C:\Program Files\Microsoft Visual Studio\18\Community\VC\Tools\MSVC\14.51.36231\include\sal.h
メモ: インクルード ファイル:        C:\Program Files\Microsoft Visual Studio\18\Community\VC\Tools\MSVC\14.51.36231\include\concurrencysal.h
メモ: インクルード ファイル:       C:\Program Files\Microsoft Visual Studio\18\Community\VC\Tools\MSVC\14.51.36231\include\vadefs.h
メモ: インクルード ファイル:    C:\Program Files\Microsoft Visual Studio\18\Community\VC\Tools\MSVC\14.51.36231\include\stdint.h
メモ: インクルード ファイル:    C:\Program Files\Microsoft Visual Studio\18\Community\VC\Tools\MSVC\14.51.36231\include\limits.h
メモ: インクルード ファイル:    C:\Program Files (x86)\Windows Kits\10\include\10.0.28000.0\ucrt\float.h
メモ: インクルード ファイル:    C:\Program Files (x86)\Windows Kits\10\include\10.0.28000.0\ucrt\math.h
メモ: インクルード ファイル:     C:\Program Files (x86)\Windows Kits\10\include\10.0.28000.0\ucrt\corecrt_math.h
メモ: インクルード ファイル:    C:\Program Files\Microsoft Visual Studio\18\Community\VC\Tools\MSVC\14.51.36231\include\new
メモ: インクルード ファイル:     C:\Program Files\Microsoft Visual Studio\18\Community\VC\Tools\MSVC\14.51.36231\include\yvals_core.h
メモ: インクルード ファイル:      C:\Program Files\Microsoft Visual Studio\18\Community\VC\Tools\MSVC\14.51.36231\include\xkeycheck.h
メモ: インクルード ファイル:     C:\Program Files\Microsoft Visual Studio\18\Community\VC\Tools\MSVC\14.51.36231\include\exception
メモ: インクルード ファイル:      C:\Program Files\Microsoft Visual Studio\18\Community\VC\Tools\MSVC\14.51.36231\include\yvals.h
メモ: インクルード ファイル:       C:\Program Files\Microsoft Visual Studio\18\Community\VC\Tools\MSVC\14.51.36231\include\__msvc_doom_core.hpp
メモ: インクルード ファイル:       C:\Program Files (x86)\Windows Kits\10\include\10.0.28000.0\ucrt\crtdbg.h
メモ: インクルード ファイル:        C:\Program Files\Microsoft Visual Studio\18\Community\VC\Tools\MSVC\14.51.36231\include\vcruntime_new_debug.h
メモ: インクルード ファイル:         C:\Program Files\Microsoft Visual Studio\18\Community\VC\Tools\MSVC\14.51.36231\include\vcruntime_new.h
メモ: インクルード ファイル:       C:\Program Files\Microsoft Visual Studio\18\Community\VC\Tools\MSVC\14.51.36231\include\crtdefs.h
メモ: インクルード ファイル:       C:\Program Files\Microsoft Visual Studio\18\Community\VC\Tools\MSVC\14.51.36231\include\use_ansi.h
メモ: インクルード ファイル:      C:\Program Files\Microsoft Visual Studio\18\Community\VC\Tools\MSVC\14.51.36231\include\cstdlib
メモ: インクルード ファイル:       C:\Program Files (x86)\Windows Kits\10\include\10.0.28000.0\ucrt\math.h
メモ: インクルード ファイル:       C:\Program Files (x86)\Windows Kits\10\include\10.0.28000.0\ucrt\stdlib.h
メモ: インクルード ファイル:        C:\Program Files (x86)\Windows Kits\10\include\10.0.28000.0\ucrt\corecrt_malloc.h
メモ: インクルード ファイル:        C:\Program Files (x86)\Windows Kits\10\include\10.0.28000.0\ucrt\corecrt_search.h
メモ: インクルード ファイル:        C:\Program Files (x86)\Windows Kits\10\include\10.0.28000.0\ucrt\corecrt_wstdlib.h
メモ: インクルード ファイル:      C:\Program Files\Microsoft Visual Studio\18\Community\VC\Tools\MSVC\14.51.36231\include\type_traits
メモ: インクルード ファイル:       C:\Program Files\Microsoft Visual Studio\18\Community\VC\Tools\MSVC\14.51.36231\include\cstddef
メモ: インクルード ファイル:        C:\Program Files\Microsoft Visual Studio\18\Community\VC\Tools\MSVC\14.51.36231\include\xtr1common
メモ: インクルード ファイル:       C:\Program Files\Microsoft Visual Studio\18\Community\VC\Tools\MSVC\14.51.36231\include\cstdint
メモ: インクルード ファイル:      C:\Program Files (x86)\Windows Kits\10\include\10.0.28000.0\ucrt\malloc.h
メモ: インクルード ファイル:      C:\Program Files\Microsoft Visual Studio\18\Community\VC\Tools\MSVC\14.51.36231\include\vcruntime_exception.h
メモ: インクルード ファイル:       C:\Program Files\Microsoft Visual Studio\18\Community\VC\Tools\MSVC\14.51.36231\include\eh.h
メモ: インクルード ファイル:        C:\Program Files (x86)\Windows Kits\10\include\10.0.28000.0\ucrt\corecrt_terminate.h
メモ: インクルード ファイル:    C:\Program Files\Microsoft Visual Studio\18\Community\VC\Tools\MSVC\14.51.36231\include\initializer_list
メモ: インクルード ファイル:  C:\Users\g0190\OneDrive\Desktop\frame\dxlib_framework\Source\Physics\Public\Dxf/RigidBody2D.h
メモ: インクルード ファイル:   C:\Users\g0190\OneDrive\Desktop\frame\dxlib_framework\Source\Physics\Public\Dxf/BodyType.h
メモ: インクルード ファイル:   C:\Users\g0190\OneDrive\Desktop\frame\dxlib_framework\Source\Toolbox\Public\Toolbox/Contact2D.h
メモ: インクルード ファイル:    C:\Users\g0190\OneDrive\Desktop\frame\dxlib_framework\Source\Toolbox\Public\Toolbox/Collision2D.h
メモ: インクルード ファイル:     C:\Users\g0190\OneDrive\Desktop\frame\dxlib_framework\Source\Toolbox\Public\Toolbox/Vector2.h
メモ: インクルード ファイル:   C:\Users\g0190\OneDrive\Desktop\frame\dxlib_framework\Source\Toolbox\Public\Toolbox/Variant.h
メモ: インクルード ファイル:    C:\Users\g0190\OneDrive\Desktop\frame\dxlib_framework\Source\Toolbox\Public\Toolbox/Optional.h
メモ: インクルード ファイル:   C:\Users\g0190\OneDrive\Desktop\frame\dxlib_framework\Source\Toolbox\Public\Toolbox/UniquePtr.h
メモ: インクルード ファイル:  C:\Users\g0190\OneDrive\Desktop\frame\dxlib_framework\Source\Physics\Public\Dxf/RigidBody3D.h
メモ: インクルード ファイル:   C:\Users\g0190\OneDrive\Desktop\frame\dxlib_framework\Source\Toolbox\Public\Toolbox/Contact3D.h
メモ: インクルード ファイル:    C:\Users\g0190\OneDrive\Desktop\frame\dxlib_framework\Source\Toolbox\Public\Toolbox/CollisionShapes.h
メモ: インクルード ファイル:     C:\Users\g0190\OneDrive\Desktop\frame\dxlib_framework\Source\Toolbox\Public\Toolbox/Vector3.h
メモ: インクルード ファイル:      C:\Program Files\Microsoft Visual Studio\18\Community\VC\Tools\MSVC\14.51.36231\include\emmintrin.h
メモ: インクルード ファイル:       C:\Program Files\Microsoft Visual Studio\18\Community\VC\Tools\MSVC\14.51.36231\include\xmmintrin.h
メモ: インクルード ファイル:        C:\Program Files\Microsoft Visual Studio\18\Community\VC\Tools\MSVC\14.51.36231\include\mmintrin.h
メモ: インクルード ファイル:     C:\Users\g0190\OneDrive\Desktop\frame\dxlib_framework\Source\Toolbox\Public\Toolbox/Array.h
メモ: インクルード ファイル:     C:\Users\g0190\OneDrive\Desktop\frame\dxlib_framework\Source\Toolbox\Public\Toolbox/Vector.h
メモ: インクルード ファイル:     C:\Users\g0190\OneDrive\Desktop\frame\dxlib_framework\Source\Toolbox\Public\Toolbox/SharedPtr.h
メモ: インクルード ファイル:      C:\Users\g0190\OneDrive\Desktop\frame\dxlib_framework\Source\Toolbox\Public\Toolbox/Atomic.h
メモ: インクルード ファイル:       C:\Program Files\Microsoft Visual Studio\18\Community\VC\Tools\MSVC\14.51.36231\include\intrin.h
メモ: インクルード ファイル:        C:\Program Files\Microsoft Visual Studio\18\Community\VC\Tools\MSVC\14.51.36231\include\intrin0.inl.h
メモ: インクルード ファイル:        C:\Program Files\Microsoft Visual Studio\18\Community\VC\Tools\MSVC\14.51.36231\include\setjmp.h
メモ: インクルード ファイル:        C:\Program Files\Microsoft Visual Studio\18\Community\VC\Tools\MSVC\14.51.36231\include\immintrin.h
メモ: インクルード ファイル:         C:\Program Files\Microsoft Visual Studio\18\Community\VC\Tools\MSVC\14.51.36231\include\wmmintrin.h
メモ: インクルード ファイル:          C:\Program Files\Microsoft Visual Studio\18\Community\VC\Tools\MSVC\14.51.36231\include\nmmintrin.h
メモ: インクルード ファイル:           C:\Program Files\Microsoft Visual Studio\18\Community\VC\Tools\MSVC\14.51.36231\include\smmintrin.h
メモ: インクルード ファイル:            C:\Program Files\Microsoft Visual Studio\18\Community\VC\Tools\MSVC\14.51.36231\include\tmmintrin.h
メモ: インクルード ファイル:             C:\Program Files\Microsoft Visual Studio\18\Community\VC\Tools\MSVC\14.51.36231\include\pmmintrin.h
メモ: インクルード ファイル:         C:\Program Files\Microsoft Visual Studio\18\Community\VC\Tools\MSVC\14.51.36231\include\zmmintrin.h
メモ: インクルード ファイル:        C:\Program Files\Microsoft Visual Studio\18\Community\VC\Tools\MSVC\14.51.36231\include\ammintrin.h
メモ: インクルード ファイル:   C:\Users\g0190\OneDrive\Desktop\frame\dxlib_framework\Source\Toolbox\Public\Toolbox/Quaternion.h
メモ: インクルード ファイル:    C:\Users\g0190\OneDrive\Desktop\frame\dxlib_framework\Source\Toolbox\Public\Toolbox/Matrix4.h
C:\Users\g0190\OneDrive\Desktop\frame\dxlib_framework\Source\Physics\Public\Dxf/RigidBody3D.h(47): warning C4324: 'Dxf::FBodyDescription3D': アラインメント指定子のために構造体がパッドされました
C:\Users\g0190\OneDrive\Desktop\frame\dxlib_framework\Source\Physics\Public\Dxf/RigidBody3D.h(67): warning C4324: 'Dxf::FBodyDescription3D': アラインメント指定子のために構造体がパッドされました
C:\Users\g0190\OneDrive\Desktop\frame\dxlib_framework\Tests\Physics\ContinuousTests.cpp(35): error C2039: 'bUseContinuous': 'Dxf::FBodyDescription2D' のメンバーではありません
C:\Users\g0190\OneDrive\Desktop\frame\dxlib_framework\Source\Physics\Public\Dxf/RigidBody2D.h(36): note: 'Dxf::FBodyDescription2D' の宣言を確認してください
C:\Users\g0190\OneDrive\Desktop\frame\dxlib_framework\Tests\Physics\ContinuousTests.cpp(50): error C2065: 'FContinuousSettings2D': 定義されていない識別子です。
C:\Users\g0190\OneDrive\Desktop\frame\dxlib_framework\Tests\Physics\ContinuousTests.cpp(50): error C2146: 構文エラー: ';' が、識別子 'Settings' の前に必要です。
C:\Users\g0190\OneDrive\Desktop\frame\dxlib_framework\Tests\Physics\ContinuousTests.cpp(50): error C2065: 'Settings': 定義されていない識別子です。
C:\Users\g0190\OneDrive\Desktop\frame\dxlib_framework\Tests\Physics\ContinuousTests.cpp(51): error C2065: 'Settings': 定義されていない識別子です。
C:\Users\g0190\OneDrive\Desktop\frame\dxlib_framework\Tests\Physics\ContinuousTests.cpp(52): error C2039: 'SetContinuousSettings': 'Dxf::FPhysicsWorld2D' のメンバーではありません
C:\Users\g0190\OneDrive\Desktop\frame\dxlib_framework\Source\Physics\Public\Dxf/RigidBody2D.h(149): note: 'Dxf::FPhysicsWorld2D' の宣言を確認してください
C:\Users\g0190\OneDrive\Desktop\frame\dxlib_framework\Tests\Physics\ContinuousTests.cpp(52): error C2065: 'Settings': 定義されていない識別子です。
C:\Users\g0190\OneDrive\Desktop\frame\dxlib_framework\Tests\Physics\ContinuousTests.cpp(91): error C2065: 'FContinuousSettings2D': 定義されていない識別子です。
C:\Users\g0190\OneDrive\Desktop\frame\dxlib_framework\Tests\Physics\ContinuousTests.cpp(91): error C2146: 構文エラー: ';' が、識別子 'Settings' の前に必要です。
C:\Users\g0190\OneDrive\Desktop\frame\dxlib_framework\Tests\Physics\ContinuousTests.cpp(91): error C2065: 'Settings': 定義されていない識別子です。
C:\Users\g0190\OneDrive\Desktop\frame\dxlib_framework\Tests\Physics\ContinuousTests.cpp(92): error C2065: 'Settings': 定義されていない識別子です。
C:\Users\g0190\OneDrive\Desktop\frame\dxlib_framework\Tests\Physics\ContinuousTests.cpp(93): error C2039: 'SetContinuousSettings': 'Dxf::FPhysicsWorld2D' のメンバーではありません
C:\Users\g0190\OneDrive\Desktop\frame\dxlib_framework\Source\Physics\Public\Dxf/RigidBody2D.h(149): note: 'Dxf::FPhysicsWorld2D' の宣言を確認してください
C:\Users\g0190\OneDrive\Desktop\frame\dxlib_framework\Tests\Physics\ContinuousTests.cpp(93): error C2065: 'Settings': 定義されていない識別子です。
C:\Users\g0190\OneDrive\Desktop\frame\dxlib_framework\Tests\Physics\ContinuousTests.cpp(98): error C2039: 'bUseContinuous': 'Dxf::FBodyDescription2D' のメンバーではありません
C:\Users\g0190\OneDrive\Desktop\frame\dxlib_framework\Source\Physics\Public\Dxf/RigidBody2D.h(36): note: 'Dxf::FBodyDescription2D' の宣言を確認してください
C:\Users\g0190\OneDrive\Desktop\frame\dxlib_framework\Tests\Physics\ContinuousTests.cpp(104): error C2039: 'bUseContinuous': 'Dxf::FBodyDescription2D' のメンバーではありません
C:\Users\g0190\OneDrive\Desktop\frame\dxlib_framework\Source\Physics\Public\Dxf/RigidBody2D.h(36): note: 'Dxf::FBodyDescription2D' の宣言を確認してください
C:\Users\g0190\OneDrive\Desktop\frame\dxlib_framework\Tests\Physics\ContinuousTests.cpp(127): error C2065: 'FContinuousSettings2D': 定義されていない識別子です。
C:\Users\g0190\OneDrive\Desktop\frame\dxlib_framework\Tests\Physics\ContinuousTests.cpp(127): error C2146: 構文エラー: ';' が、識別子 'Settings' の前に必要です。
C:\Users\g0190\OneDrive\Desktop\frame\dxlib_framework\Tests\Physics\ContinuousTests.cpp(127): error C2065: 'Settings': 定義されていない識別子です。
C:\Users\g0190\OneDrive\Desktop\frame\dxlib_framework\Tests\Physics\ContinuousTests.cpp(128): error C2065: 'Settings': 定義されていない識別子です。
C:\Users\g0190\OneDrive\Desktop\frame\dxlib_framework\Tests\Physics\ContinuousTests.cpp(129): error C2039: 'SetContinuousSettings': 'Dxf::FPhysicsWorld2D' のメンバーではありません
C:\Users\g0190\OneDrive\Desktop\frame\dxlib_framework\Source\Physics\Public\Dxf/RigidBody2D.h(149): note: 'Dxf::FPhysicsWorld2D' の宣言を確認してください
C:\Users\g0190\OneDrive\Desktop\frame\dxlib_framework\Tests\Physics\ContinuousTests.cpp(129): error C2065: 'Settings': 定義されていない識別子です。
C:\Users\g0190\OneDrive\Desktop\frame\dxlib_framework\Tests\Physics\ContinuousTests.cpp(149): error C4430: 型指定子がありません - int と仮定しました。メモ: C++ は int を既定値としてサポートしていません
C:\Users\g0190\OneDrive\Desktop\frame\dxlib_framework\Tests\Physics\ContinuousTests.cpp(149): error C2146: 構文エラー: ';' が、識別子 'Diagnostics' の前に必要です。
C:\Users\g0190\OneDrive\Desktop\frame\dxlib_framework\Tests\Physics\ContinuousTests.cpp(149): error C2065: 'Diagnostics': 定義されていない識別子です。
C:\Users\g0190\OneDrive\Desktop\frame\dxlib_framework\Tests\Physics\ContinuousTests.cpp(149): error C2039: 'GetContinuousDiagnostics': 'Dxf::FPhysicsWorld2D' のメンバーではありません
C:\Users\g0190\OneDrive\Desktop\frame\dxlib_framework\Source\Physics\Public\Dxf/RigidBody2D.h(149): note: 'Dxf::FPhysicsWorld2D' の宣言を確認してください
C:\Users\g0190\OneDrive\Desktop\frame\dxlib_framework\Tests\Physics\ContinuousTests.cpp(150): error C2065: 'Diagnostics': 定義されていない識別子です。
C:\Users\g0190\OneDrive\Desktop\frame\dxlib_framework\Tests\Physics\ContinuousTests.cpp(156): error C2065: 'FContinuousSettings2D': 定義されていない識別子です。
C:\Users\g0190\OneDrive\Desktop\frame\dxlib_framework\Tests\Physics\ContinuousTests.cpp(156): error C2146: 構文エラー: ';' が、識別子 'Settings' の前に必要です。
C:\Users\g0190\OneDrive\Desktop\frame\dxlib_framework\Tests\Physics\ContinuousTests.cpp(156): error C2065: 'Settings': 定義されていない識別子です。
C:\Users\g0190\OneDrive\Desktop\frame\dxlib_framework\Tests\Physics\ContinuousTests.cpp(157): error C2065: 'Settings': 定義されていない識別子です。
C:\Users\g0190\OneDrive\Desktop\frame\dxlib_framework\Tests\Physics\ContinuousTests.cpp(158): error C2039: 'SetContinuousSettings': 'Dxf::FPhysicsWorld2D' のメンバーではありません
C:\Users\g0190\OneDrive\Desktop\frame\dxlib_framework\Source\Physics\Public\Dxf/RigidBody2D.h(149): note: 'Dxf::FPhysicsWorld2D' の宣言を確認してください
C:\Users\g0190\OneDrive\Desktop\frame\dxlib_framework\Tests\Physics\ContinuousTests.cpp(158): error C2065: 'Settings': 定義されていない識別子です。
C:\Users\g0190\OneDrive\Desktop\frame\dxlib_framework\Tests\Physics\ContinuousTests.cpp(173): error C2039: 'bUseContinuous': 'Dxf::FBodyDescription2D' のメンバーではありません
C:\Users\g0190\OneDrive\Desktop\frame\dxlib_framework\Source\Physics\Public\Dxf/RigidBody2D.h(36): note: 'Dxf::FBodyDescription2D' の宣言を確認してください
C:\Users\g0190\OneDrive\Desktop\frame\dxlib_framework\Tests\Physics\ContinuousTests.cpp(194): error C2065: 'FContinuousSettings2D': 定義されていない識別子です。
C:\Users\g0190\OneDrive\Desktop\frame\dxlib_framework\Tests\Physics\ContinuousTests.cpp(194): error C2146: 構文エラー: ';' が、識別子 'Settings' の前に必要です。
C:\Users\g0190\OneDrive\Desktop\frame\dxlib_framework\Tests\Physics\ContinuousTests.cpp(194): error C2065: 'Settings': 定義されていない識別子です。
C:\Users\g0190\OneDrive\Desktop\frame\dxlib_framework\Tests\Physics\ContinuousTests.cpp(195): error C2065: 'Settings': 定義されていない識別子です。
C:\Users\g0190\OneDrive\Desktop\frame\dxlib_framework\Tests\Physics\ContinuousTests.cpp(196): error C2039: 'SetContinuousSettings': 'Dxf::FPhysicsWorld2D' のメンバーではありません
C:\Users\g0190\OneDrive\Desktop\frame\dxlib_framework\Source\Physics\Public\Dxf/RigidBody2D.h(149): note: 'Dxf::FPhysicsWorld2D' の宣言を確認してください
C:\Users\g0190\OneDrive\Desktop\frame\dxlib_framework\Tests\Physics\ContinuousTests.cpp(196): error C2065: 'Settings': 定義されていない識別子です。
C:\Users\g0190\OneDrive\Desktop\frame\dxlib_framework\Tests\Physics\ContinuousTests.cpp(202): error C2039: 'bUseContinuous': 'Dxf::FBodyDescription2D' のメンバーではありません
C:\Users\g0190\OneDrive\Desktop\frame\dxlib_framework\Source\Physics\Public\Dxf/RigidBody2D.h(36): note: 'Dxf::FBodyDescription2D' の宣言を確認してください
C:\Users\g0190\OneDrive\Desktop\frame\dxlib_framework\Tests\Physics\ContinuousTests.cpp(221): error C2065: 'FContinuousSettings2D': 定義されていない識別子です。
C:\Users\g0190\OneDrive\Desktop\frame\dxlib_framework\Tests\Physics\ContinuousTests.cpp(221): error C2146: 構文エラー: ';' が、識別子 'Settings' の前に必要です。
C:\Users\g0190\OneDrive\Desktop\frame\dxlib_framework\Tests\Physics\ContinuousTests.cpp(221): error C2065: 'Settings': 定義されていない識別子です。
C:\Users\g0190\OneDrive\Desktop\frame\dxlib_framework\Tests\Physics\ContinuousTests.cpp(222): error C2065: 'Settings': 定義されていない識別子です。
C:\Users\g0190\OneDrive\Desktop\frame\dxlib_framework\Tests\Physics\ContinuousTests.cpp(223): error C2039: 'SetContinuousSettings': 'Dxf::FPhysicsWorld2D' のメンバーではありません
C:\Users\g0190\OneDrive\Desktop\frame\dxlib_framework\Source\Physics\Public\Dxf/RigidBody2D.h(149): note: 'Dxf::FPhysicsWorld2D' の宣言を確認してください
C:\Users\g0190\OneDrive\Desktop\frame\dxlib_framework\Tests\Physics\ContinuousTests.cpp(223): error C2065: 'Settings': 定義されていない識別子です。
C:\Users\g0190\OneDrive\Desktop\frame\dxlib_framework\Tests\Physics\ContinuousTests.cpp(229): error C2039: 'bUseContinuous': 'Dxf::FBodyDescription2D' のメンバーではありません
C:\Users\g0190\OneDrive\Desktop\frame\dxlib_framework\Source\Physics\Public\Dxf/RigidBody2D.h(36): note: 'Dxf::FBodyDescription2D' の宣言を確認してください
C:\Users\g0190\OneDrive\Desktop\frame\dxlib_framework\Tests\Physics\ContinuousTests.cpp(249): error C2065: 'FContinuousSettings2D': 定義されていない識別子です。
C:\Users\g0190\OneDrive\Desktop\frame\dxlib_framework\Tests\Physics\ContinuousTests.cpp(249): error C2146: 構文エラー: ';' が、識別子 'Settings' の前に必要です。
C:\Users\g0190\OneDrive\Desktop\frame\dxlib_framework\Tests\Physics\ContinuousTests.cpp(249): error C2065: 'Settings': 定義されていない識別子です。
C:\Users\g0190\OneDrive\Desktop\frame\dxlib_framework\Tests\Physics\ContinuousTests.cpp(250): error C2065: 'Settings': 定義されていない識別子です。
C:\Users\g0190\OneDrive\Desktop\frame\dxlib_framework\Tests\Physics\ContinuousTests.cpp(251): error C2065: 'Settings': 定義されていない識別子です。
C:\Users\g0190\OneDrive\Desktop\frame\dxlib_framework\Tests\Physics\ContinuousTests.cpp(252): error C2039: 'SetContinuousSettings': 'Dxf::FPhysicsWorld2D' のメンバーではありません
C:\Users\g0190\OneDrive\Desktop\frame\dxlib_framework\Source\Physics\Public\Dxf/RigidBody2D.h(149): note: 'Dxf::FPhysicsWorld2D' の宣言を確認してください
C:\Users\g0190\OneDrive\Desktop\frame\dxlib_framework\Tests\Physics\ContinuousTests.cpp(252): error C2065: 'Settings': 定義されていない識別子です。
C:\Users\g0190\OneDrive\Desktop\frame\dxlib_framework\Tests\Physics\ContinuousTests.cpp(268): error C4430: 型指定子がありません - int と仮定しました。メモ: C++ は int を既定値としてサポートしていません
C:\Users\g0190\OneDrive\Desktop\frame\dxlib_framework\Tests\Physics\ContinuousTests.cpp(268): error C2146: 構文エラー: ';' が、識別子 'Diagnostics' の前に必要です。
C:\Users\g0190\OneDrive\Desktop\frame\dxlib_framework\Tests\Physics\ContinuousTests.cpp(268): error C2065: 'Diagnostics': 定義されていない識別子です。
C:\Users\g0190\OneDrive\Desktop\frame\dxlib_framework\Tests\Physics\ContinuousTests.cpp(268): error C2039: 'GetContinuousDiagnostics': 'Dxf::FPhysicsWorld2D' のメンバーではありません
C:\Users\g0190\OneDrive\Desktop\frame\dxlib_framework\Source\Physics\Public\Dxf/RigidBody2D.h(149): note: 'Dxf::FPhysicsWorld2D' の宣言を確認してください
C:\Users\g0190\OneDrive\Desktop\frame\dxlib_framework\Tests\Physics\ContinuousTests.cpp(270): error C2065: 'Diagnostics': 定義されていない識別子です。
C:\Users\g0190\OneDrive\Desktop\frame\dxlib_framework\Tests\Physics\ContinuousTests.cpp(278): error C2065: 'FContinuousSettings2D': 定義されていない識別子です。
C:\Users\g0190\OneDrive\Desktop\frame\dxlib_framework\Tests\Physics\ContinuousTests.cpp(278): error C2146: 構文エラー: ';' が、識別子 'Settings' の前に必要です。
C:\Users\g0190\OneDrive\Desktop\frame\dxlib_framework\Tests\Physics\ContinuousTests.cpp(278): error C2065: 'Settings': 定義されていない識別子です。
C:\Users\g0190\OneDrive\Desktop\frame\dxlib_framework\Tests\Physics\ContinuousTests.cpp(279): error C2065: 'Settings': 定義されていない識別子です。
C:\Users\g0190\OneDrive\Desktop\frame\dxlib_framework\Tests\Physics\ContinuousTests.cpp(280): error C2039: 'SetContinuousSettings': 'Dxf::FPhysicsWorld2D' のメンバーではありません
C:\Users\g0190\OneDrive\Desktop\frame\dxlib_framework\Source\Physics\Public\Dxf/RigidBody2D.h(149): note: 'Dxf::FPhysicsWorld2D' の宣言を確認してください
C:\Users\g0190\OneDrive\Desktop\frame\dxlib_framework\Tests\Physics\ContinuousTests.cpp(280): error C2065: 'Settings': 定義されていない識別子です。
C:\Users\g0190\OneDrive\Desktop\frame\dxlib_framework\Tests\Physics\ContinuousTests.cpp(297): error C4430: 型指定子がありません - int と仮定しました。メモ: C++ は int を既定値としてサポートしていません
C:\Users\g0190\OneDrive\Desktop\frame\dxlib_framework\Tests\Physics\ContinuousTests.cpp(297): error C2146: 構文エラー: ';' が、識別子 'Diagnostics' の前に必要です。
C:\Users\g0190\OneDrive\Desktop\frame\dxlib_framework\Tests\Physics\ContinuousTests.cpp(297): error C2065: 'Diagnostics': 定義されていない識別子です。
C:\Users\g0190\OneDrive\Desktop\frame\dxlib_framework\Tests\Physics\ContinuousTests.cpp(297): error C2039: 'GetContinuousDiagnostics': 'Dxf::FPhysicsWorld2D' のメンバーではありません
C:\Users\g0190\OneDrive\Desktop\frame\dxlib_framework\Source\Physics\Public\Dxf/RigidBody2D.h(149): note: 'Dxf::FPhysicsWorld2D' の宣言を確認してください
C:\Users\g0190\OneDrive\Desktop\frame\dxlib_framework\Tests\Physics\ContinuousTests.cpp(298): error C2065: 'Diagnostics': 定義されていない識別子です。
C:\Users\g0190\OneDrive\Desktop\frame\dxlib_framework\Tests\Physics\ContinuousTests.cpp(305): error C2065: 'FContinuousSettings2D': 定義されていない識別子です。
C:\Users\g0190\OneDrive\Desktop\frame\dxlib_framework\Tests\Physics\ContinuousTests.cpp(305): error C2146: 構文エラー: ';' が、識別子 'Settings' の前に必要です。
C:\Users\g0190\OneDrive\Desktop\frame\dxlib_framework\Tests\Physics\ContinuousTests.cpp(305): error C2065: 'Settings': 定義されていない識別子です。
C:\Users\g0190\OneDrive\Desktop\frame\dxlib_framework\Tests\Physics\ContinuousTests.cpp(306): error C2065: 'Settings': 定義されていない識別子です。
C:\Users\g0190\OneDrive\Desktop\frame\dxlib_framework\Tests\Physics\ContinuousTests.cpp(307): error C2039: 'SetContinuousSettings': 'Dxf::FPhysicsWorld2D' のメンバーではありません
C:\Users\g0190\OneDrive\Desktop\frame\dxlib_framework\Source\Physics\Public\Dxf/RigidBody2D.h(149): note: 'Dxf::FPhysicsWorld2D' の宣言を確認してください
C:\Users\g0190\OneDrive\Desktop\frame\dxlib_framework\Tests\Physics\ContinuousTests.cpp(307): error C2065: 'Settings': 定義されていない識別子です。
C:\Users\g0190\OneDrive\Desktop\frame\dxlib_framework\Tests\Physics\ContinuousTests.cpp(319): error C2039: 'bUseContinuous': 'Dxf::FBodyDescription2D' のメンバーではありません
C:\Users\g0190\OneDrive\Desktop\frame\dxlib_framework\Source\Physics\Public\Dxf/RigidBody2D.h(36): note: 'Dxf::FBodyDescription2D' の宣言を確認してください
C:\Users\g0190\OneDrive\Desktop\frame\dxlib_framework\Tests\Physics\ContinuousTests.cpp(337): error C2065: 'FContinuousSettings3D': 定義されていない識別子です。
C:\Users\g0190\OneDrive\Desktop\frame\dxlib_framework\Tests\Physics\ContinuousTests.cpp(337): error C2146: 構文エラー: ';' が、識別子 'Settings' の前に必要です。
C:\Users\g0190\OneDrive\Desktop\frame\dxlib_framework\Tests\Physics\ContinuousTests.cpp(337): error C2065: 'Settings': 定義されていない識別子です。
C:\Users\g0190\OneDrive\Desktop\frame\dxlib_framework\Tests\Physics\ContinuousTests.cpp(338): error C2065: 'Settings': 定義されていない識別子です。
C:\Users\g0190\OneDrive\Desktop\frame\dxlib_framework\Tests\Physics\ContinuousTests.cpp(339): error C2039: 'SetContinuousSettings': 'Dxf::FPhysicsWorld3D' のメンバーではありません
C:\Users\g0190\OneDrive\Desktop\frame\dxlib_framework\Source\Physics\Public\Dxf/RigidBody3D.h(151): note: 'Dxf::FPhysicsWorld3D' の宣言を確認してください
C:\Users\g0190\OneDrive\Desktop\frame\dxlib_framework\Tests\Physics\ContinuousTests.cpp(339): error C2065: 'Settings': 定義されていない識別子です。
C:\Users\g0190\OneDrive\Desktop\frame\dxlib_framework\Tests\Physics\ContinuousTests.cpp(354): error C2039: 'bUseContinuous': 'Dxf::FBodyDescription3D' のメンバーではありません
C:\Users\g0190\OneDrive\Desktop\frame\dxlib_framework\Source\Physics\Public\Dxf/RigidBody3D.h(38): note: 'Dxf::FBodyDescription3D' の宣言を確認してください
C:\Users\g0190\OneDrive\Desktop\frame\dxlib_framework\Tests\Physics\ContinuousTests.cpp(375): error C2065: 'FContinuousSettings3D': 定義されていない識別子です。
C:\Users\g0190\OneDrive\Desktop\frame\dxlib_framework\Tests\Physics\ContinuousTests.cpp(375): error C2146: 構文エラー: ';' が、識別子 'Settings' の前に必要です。
C:\Users\g0190\OneDrive\Desktop\frame\dxlib_framework\Tests\Physics\ContinuousTests.cpp(375): error C2065: 'Settings': 定義されていない識別子です。
C:\Users\g0190\OneDrive\Desktop\frame\dxlib_framework\Tests\Physics\ContinuousTests.cpp(376): error C2065: 'Settings': 定義されていない識別子です。
C:\Users\g0190\OneDrive\Desktop\frame\dxlib_framework\Tests\Physics\ContinuousTests.cpp(377): error C2039: 'SetContinuousSettings': 'Dxf::FPhysicsWorld3D' のメンバーではありません
C:\Users\g0190\OneDrive\Desktop\frame\dxlib_framework\Source\Physics\Public\Dxf/RigidBody3D.h(151): note: 'Dxf::FPhysicsWorld3D' の宣言を確認してください
C:\Users\g0190\OneDrive\Desktop\frame\dxlib_framework\Tests\Physics\ContinuousTests.cpp(377): error C2065: 'Settings': 定義されていない識別子です。
C:\Users\g0190\OneDrive\Desktop\frame\dxlib_framework\Tests\Physics\ContinuousTests.cpp(382): error C2039: 'bUseContinuous': 'Dxf::FBodyDescription3D' のメンバーではありません
C:\Users\g0190\OneDrive\Desktop\frame\dxlib_framework\Source\Physics\Public\Dxf/RigidBody3D.h(38): note: 'Dxf::FBodyDescription3D' の宣言を確認してください
C:\Users\g0190\OneDrive\Desktop\frame\dxlib_framework\Tests\Physics\ContinuousTests.cpp(388): error C2039: 'bUseContinuous': 'Dxf::FBodyDescription3D' のメンバーではありません
C:\Users\g0190\OneDrive\Desktop\frame\dxlib_framework\Source\Physics\Public\Dxf/RigidBody3D.h(38): note: 'Dxf::FBodyDescription3D' の宣言を確認してください
ninja: build stopped: subcommand failed.
.\Tools\Build.cmd : C:\Users\g0190\OneDrive\Desktop\frame\dxlib_framework\Tools\BuildWindows.ps1 : debug-build failed.
See C:\Users\g0190\O
発生場所 行:1 文字:1
+ .\Tools\Build.cmd -Configuration Debug 2>&1 | Out-File -FilePath "Doc ...
+ ~~~~~~~~~~~~~~~~~~~~~~~~~~~~~~~~~~~~~~~~~~~
    + CategoryInfo          : NotSpecified: (C:\Users\g0190\...:\Users\g0190\O:String) [], RemoteException
    + FullyQualifiedErrorId : NativeCommandError

neDrive\Desktop\frame\dxlib_framework\Build\WindowsValidation\debug-build.log
    + CategoryInfo          : NotSpecified: (:) [Write-Error], WriteErrorException
    + FullyQualifiedErrorId : Microsoft.PowerShell.Commands.WriteErrorException,BuildWindows.ps1
