[1/20] Building CXX object CMakeFiles/dxlib_framework.dir/Source/DxLibSupport/Private/SoundLoader.cpp.o
[2/20] Building CXX object CMakeFiles/dxlib_framework.dir/Source/DxLibSupport/Private/FontLoader.cpp.o
[3/20] Building CXX object CMakeFiles/dxlib_framework.dir/Source/DxLibSupport/Private/TextureLoader.cpp.o
[4/20] Building CXX object CMakeFiles/dxlib_framework.dir/Source/DxLibSupport/Private/RenderSystem2D.cpp.o
[5/20] Building CXX object CMakeFiles/dxlib_framework.dir/Source/DxLibSupport/Private/AssetService.cpp.o
[6/20] Building CXX object CMakeFiles/dxlib_framework.dir/Source/DxLibSupport/Private/RenderQueue2D.cpp.o
[7/20] Building CXX object CMakeFiles/dxlib_framework.dir/Source/Runtime/Private/SceneNavigator.cpp.o
[8/20] Building CXX object CMakeFiles/dxlib_framework.dir/Source/DxLibSupport/Private/AudioPlayer.cpp.o
[9/20] Building CXX object CMakeFiles/dxlib_framework.dir/Source/Runtime/Private/Application.cpp.o
[10/20] Linking CXX static library libdxlib_framework.a
[11/20] Building CXX object CMakeFiles/dxf_tests.dir/Tests/SupportTests.cpp.o
[12/20] Building CXX object CMakeFiles/dxf_tests.dir/Tests/GameplayTests.cpp.o
[13/20] Building CXX object CMakeFiles/dxf_tests.dir/Tests/SandboxTests.cpp.o
[14/20] Building CXX object CMakeFiles/dxf_tests.dir/Examples/Sandbox/SandboxGame.cpp.o
[15/20] Building CXX object CMakeFiles/dxf_native_contract_tests.dir/Tests/NativeTests.cpp.o
[16/20] Building CXX object CMakeFiles/dxf_tests.dir/Tests/ApplicationTests.cpp.o
[17/20] Building CXX object CMakeFiles/dxf_native_contract_tests.dir/Source/Native/Private/DxLibRenderBackend.cpp.o
[18/20] Linking CXX executable dxf_native_contract_tests
[19/20] Building CXX object CMakeFiles/dxf_tests.dir/Tests/HardeningTests.cpp.o
[20/20] Linking CXX executable dxf_tests
