[0/1] Re-running CMake...
-- Configuring done (0.0s)
-- Generating done (0.0s)
-- Build files have been written to: /mnt/data/build-dxf/debug
[1/32] Building CXX object CMakeFiles/dxf_support.dir/Source/DxLibSupport/Private/SoundLoader.cpp.o
[2/32] Building CXX object CMakeFiles/dxf_support.dir/Source/DxLibSupport/Private/FontLoader.cpp.o
[3/32] Building CXX object CMakeFiles/dxf_support.dir/Source/DxLibSupport/Private/TextureLoader.cpp.o
[4/32] Building CXX object CMakeFiles/dxf_support.dir/Source/DxLibSupport/Private/AssetService.cpp.o
[5/32] Building CXX object CMakeFiles/dxf_support.dir/Source/DxLibSupport/Private/RenderSystem2D.cpp.o
[6/32] Building CXX object CMakeFiles/dxf_support.dir/Source/DxLibSupport/Private/AudioPlayer.cpp.o
[7/32] Building CXX object CMakeFiles/dxf_runtime.dir/Source/Runtime/Private/SceneNavigator.cpp.o
[8/32] Building CXX object CMakeFiles/dxf_support.dir/Source/DxLibSupport/Private/RenderQueue2D.cpp.o
[9/32] Building CXX object CMakeFiles/dxf_runtime.dir/Source/Runtime/Private/LifecycleObject.cpp.o
[10/32] Linking CXX static library libdxf_supportd.a
[11/32] Building CXX object CMakeFiles/dxf_tests.dir/Tests/TestMain.cpp.o
[12/32] Building CXX object CMakeFiles/dxf_tests.dir/Tests/FoundationTests.cpp.o
[13/32] Building CXX object CMakeFiles/dxf_runtime.dir/Source/Runtime/Private/Application.cpp.o
[14/32] Linking CXX static library libdxf_runtimed.a
[15/32] Building CXX object CMakeFiles/dxf_tests.dir/Tests/SupportTests.cpp.o
[16/32] Building CXX object CMakeFiles/dxf_tests.dir/Tests/GameplayTests.cpp.o
[17/32] Building CXX object CMakeFiles/dxf_tests.dir/Tests/ApplicationTests.cpp.o
[18/32] Building CXX object CMakeFiles/dxf_tests.dir/Tests/SandboxTests.cpp.o
[19/32] Building CXX object CMakeFiles/dxf_native_contract_tests.dir/Tests/TestMain.cpp.o
[20/32] Building CXX object CMakeFiles/dxf_tests.dir/Tests/HardeningTests.cpp.o
[21/32] Building CXX object CMakeFiles/dxf_tests.dir/Examples/Sandbox/SandboxGame.cpp.o
[22/32] Building CXX object CMakeFiles/dxf_native_contract_tests.dir/Source/Native/Private/DxLibPlatform.cpp.o
[23/32] Building CXX object CMakeFiles/dxf_native_contract_tests.dir/Tests/NativeTests.cpp.o
[24/32] Building CXX object CMakeFiles/dxf_native_contract_tests.dir/Source/Native/Private/DxLibTextureBackend.cpp.o
[25/32] Building CXX object CMakeFiles/dxf_native_contract_tests.dir/Source/Native/Private/DxLibInputSource.cpp.o
[26/32] Building CXX object CMakeFiles/dxf_tests.dir/Tests/UsabilityTests.cpp.o
[27/32] Building CXX object CMakeFiles/dxf_native_contract_tests.dir/Source/Native/Private/DxLibSoundBackend.cpp.o
[28/32] Linking CXX executable dxf_tests
[29/32] Building CXX object CMakeFiles/dxf_native_contract_tests.dir/Source/Native/Private/DxLibRenderBackend.cpp.o
[30/32] Building CXX object CMakeFiles/dxf_native_contract_tests.dir/Source/Native/Private/DxLibFontBackend.cpp.o
[31/32] Linking CXX executable dxf_native_contract_tests
