[1/27] Building CXX object CMakeFiles/dxf_support.dir/Source/DxLibSupport/Private/SoundLoader.cpp.o
[2/27] Building CXX object CMakeFiles/dxf_support.dir/Source/DxLibSupport/Private/FontLoader.cpp.o
[3/27] Building CXX object CMakeFiles/dxf_support.dir/Source/DxLibSupport/Private/TextureLoader.cpp.o
[4/27] Building CXX object CMakeFiles/dxf_support.dir/Source/DxLibSupport/Private/AssetService.cpp.o
[5/27] Building CXX object CMakeFiles/dxf_support.dir/Source/DxLibSupport/Private/RenderSystem2D.cpp.o
[6/27] Building CXX object CMakeFiles/dxf_support.dir/Source/DxLibSupport/Private/AudioPlayer.cpp.o
[7/27] Building CXX object CMakeFiles/dxf_support.dir/Source/DxLibSupport/Private/RenderQueue2D.cpp.o
[8/27] Linking CXX static library libdxf_supportd.a
[9/27] Building CXX object CMakeFiles/dxf_runtime.dir/Source/Runtime/Private/SceneNavigator.cpp.o
[10/27] Building CXX object CMakeFiles/dxf_runtime.dir/Source/Runtime/Private/Application.cpp.o
[11/27] Linking CXX static library libdxf_runtimed.a
[12/27] Building CXX object CMakeFiles/dxf_tests.dir/Tests/SupportTests.cpp.o
[13/27] Building CXX object CMakeFiles/dxf_tests.dir/Tests/GameplayTests.cpp.o
[14/27] Building CXX object CMakeFiles/dxf_tests.dir/Tests/SandboxTests.cpp.o
[15/27] Building CXX object CMakeFiles/dxf_tests.dir/Tests/ApplicationTests.cpp.o
[16/27] Building CXX object CMakeFiles/dxf_tests.dir/Tests/RenderFailureTests.cpp.o
[17/27] Building CXX object CMakeFiles/dxf_tests.dir/Tests/HardeningTests.cpp.o
[18/27] Building CXX object CMakeFiles/dxf_tests.dir/Tests/ResourceShutdownTests.cpp.o
[19/27] Building CXX object CMakeFiles/dxf_tests.dir/Tests/SceneContinuationTests.cpp.o
[20/27] Building CXX object CMakeFiles/dxf_tests.dir/Tests/StressTests.cpp.o
[21/27] Building CXX object CMakeFiles/dxf_tests.dir/Tests/UsabilityTests.cpp.o
[22/27] Building CXX object CMakeFiles/dxf_native_contract_tests.dir/Tests/NativeTests.cpp.o
[23/27] Building CXX object CMakeFiles/dxf_tests.dir/Examples/Sandbox/SandboxGame.cpp.o
[24/27] Linking CXX executable dxf_tests
[25/27] Building CXX object CMakeFiles/dxf_native_contract_tests.dir/Source/Native/Private/DxLibRenderBackend.cpp.o
[26/27] Building CXX object CMakeFiles/dxf_native_contract_tests.dir/Tests/NativeSmoke/Smoke.cpp.o
[27/27] Linking CXX executable dxf_native_contract_tests
