[0/1] Re-running CMake...
-- Configuring done (0.0s)
-- Generating done (0.0s)
-- Build files have been written to: /mnt/data/build-dxf-debug
[1/29] Building CXX object CMakeFiles/dxlib_framework.dir/Source/DxLibSupport/Private/SoundLoader.cpp.o
[2/29] Building CXX object CMakeFiles/dxlib_framework.dir/Source/DxLibSupport/Private/FontLoader.cpp.o
[3/29] Building CXX object CMakeFiles/dxlib_framework.dir/Source/DxLibSupport/Private/TextureLoader.cpp.o
[4/29] Building CXX object CMakeFiles/dxlib_framework.dir/Source/DxLibSupport/Private/AssetService.cpp.o
[5/29] Building CXX object CMakeFiles/dxlib_framework.dir/Source/DxLibSupport/Private/RenderSystem2D.cpp.o
[6/29] Building CXX object CMakeFiles/dxlib_framework.dir/Source/Runtime/Private/LifecycleObject.cpp.o
[7/29] Building CXX object CMakeFiles/dxlib_framework.dir/Source/DxLibSupport/Private/AudioPlayer.cpp.o
[8/29] Building CXX object CMakeFiles/dxlib_framework.dir/Source/Runtime/Private/SceneNavigator.cpp.o
[9/29] Building CXX object CMakeFiles/dxlib_framework.dir/Source/DxLibSupport/Private/RenderQueue2D.cpp.o
[10/29] Building CXX object CMakeFiles/dxf_tests.dir/Tests/TestMain.cpp.o
[11/29] Building CXX object CMakeFiles/dxlib_framework.dir/Source/Runtime/Private/Application.cpp.o
[12/29] Linking CXX static library libdxlib_framework.a
[13/29] Building CXX object CMakeFiles/dxf_tests.dir/Tests/FoundationTests.cpp.o
[14/29] Building CXX object CMakeFiles/dxf_tests.dir/Tests/SupportTests.cpp.o
[15/29] Building CXX object CMakeFiles/dxf_tests.dir/Tests/SandboxTests.cpp.o
[16/29] Building CXX object CMakeFiles/dxf_native_contract_tests.dir/Tests/TestMain.cpp.o
[17/29] Building CXX object CMakeFiles/dxf_tests.dir/Tests/ApplicationTests.cpp.o
[18/29] Building CXX object CMakeFiles/dxf_native_contract_tests.dir/Source/Native/Private/DxLibPlatform.cpp.o
[19/29] Building CXX object CMakeFiles/dxf_native_contract_tests.dir/Source/Native/Private/DxLibInputSource.cpp.o
[20/29] Building CXX object CMakeFiles/dxf_tests.dir/Tests/GameplayTests.cpp.o
[21/29] Building CXX object CMakeFiles/dxf_native_contract_tests.dir/Source/Native/Private/DxLibTextureBackend.cpp.o
[22/29] Building CXX object CMakeFiles/dxf_native_contract_tests.dir/Source/Native/Private/DxLibSoundBackend.cpp.o
[23/29] Building CXX object CMakeFiles/dxf_tests.dir/Examples/Sandbox/SandboxGame.cpp.o
[24/29] Building CXX object CMakeFiles/dxf_native_contract_tests.dir/Tests/NativeTests.cpp.o
[25/29] Building CXX object CMakeFiles/dxf_native_contract_tests.dir/Source/Native/Private/DxLibFontBackend.cpp.o
[26/29] Linking CXX executable dxf_tests
[27/29] Building CXX object CMakeFiles/dxf_native_contract_tests.dir/Source/Native/Private/DxLibRenderBackend.cpp.o
[28/29] Linking CXX executable dxf_native_contract_tests
